isNub (list :: [Expr])  =  True
map length (tiers :: [[ Expr ]])  =  [1,3,10,27,76,249,...]
tiers :: [[ Expr ]]  =
  [ [_ :: Int]
  , [ x :: Int
    , 0 :: Int
    , id _ :: Int
    ]
  , [ y :: Int
    , 1 :: Int
    , id x :: Int
    , id 0 :: Int
    , id (id _) :: Int
    , negate _ :: Int
    , abs _ :: Int
    , _ + _ :: Int
    , id :: Int -> Int
    , (+) :: Int -> Int -> Int
    ]
  , [ z :: Int
    , -1 :: Int
    , id y :: Int
    , id 1 :: Int
    , id (id x) :: Int
    , id (id 0) :: Int
    , id (id (id _)) :: Int
    , id (negate _) :: Int
    , id (abs _) :: Int
    , id (_ + _) :: Int
    , negate x :: Int
    , negate 0 :: Int
    , negate (id _) :: Int
    , abs x :: Int
    , abs 0 :: Int
    , abs (id _) :: Int
    , _ + x :: Int
    , _ + 0 :: Int
    , _ + id _ :: Int
    , x + _ :: Int
    , 0 + _ :: Int
    , id _ + _ :: Int
    , _ * _ :: Int
    , negate :: Int -> Int
    , abs :: Int -> Int
    , (_ +) :: Int -> Int
    , (*) :: Int -> Int -> Int
    ]
  , [ x' :: Int
    , 2 :: Int
    , id z :: Int
    , id (-1) :: Int
    , id (id y) :: Int
    , id (id 1) :: Int
    , id (id (id x)) :: Int
    , id (id (id 0)) :: Int
    , id (id (id (id _))) :: Int
    , id (id (negate _)) :: Int
    , id (id (abs _)) :: Int
    , id (id (_ + _)) :: Int
    , id (negate x) :: Int
    , id (negate 0) :: Int
    , id (negate (id _)) :: Int
    , id (abs x) :: Int
    , id (abs 0) :: Int
    , id (abs (id _)) :: Int
    , id (_ + x) :: Int
    , id (_ + 0) :: Int
    , id (_ + id _) :: Int
    , id (x + _) :: Int
    , id (0 + _) :: Int
    , id (id _ + _) :: Int
    , id (_ * _) :: Int
    , negate y :: Int
    , negate 1 :: Int
    , negate (id x) :: Int
    , negate (id 0) :: Int
    , negate (id (id _)) :: Int
    , negate (negate _) :: Int
    , negate (abs _) :: Int
    , negate (_ + _) :: Int
    , abs y :: Int
    , abs 1 :: Int
    , abs (id x) :: Int
    , abs (id 0) :: Int
    , abs (id (id _)) :: Int
    , abs (negate _) :: Int
    , abs (abs _) :: Int
    , abs (_ + _) :: Int
    , _ + y :: Int
    , _ + 1 :: Int
    , _ + id x :: Int
    , _ + id 0 :: Int
    , _ + id (id _) :: Int
    , _ + negate _ :: Int
    , _ + abs _ :: Int
    , _ + (_ + _) :: Int
    , x + x :: Int
    , x + 0 :: Int
    , x + id _ :: Int
    , 0 + x :: Int
    , 0 + 0 :: Int
    , 0 + id _ :: Int
    , id _ + x :: Int
    , id _ + 0 :: Int
    , id _ + id _ :: Int
    , _ * x :: Int
    , _ * 0 :: Int
    , _ * id _ :: Int
    , y + _ :: Int
    , 1 + _ :: Int
    , id x + _ :: Int
    , id 0 + _ :: Int
    , id (id _) + _ :: Int
    , negate _ + _ :: Int
    , abs _ + _ :: Int
    , (_ + _) + _ :: Int
    , x * _ :: Int
    , 0 * _ :: Int
    , id _ * _ :: Int
    , (x +) :: Int -> Int
    , (0 +) :: Int -> Int
    , (id _ +) :: Int -> Int
    , (_ *) :: Int -> Int
    ]
  , [ -2 :: Int
    , id x' :: Int
    , id 2 :: Int
    , id (id z) :: Int
    , id (id (-1)) :: Int
    , id (id (id y)) :: Int
    , id (id (id 1)) :: Int
    , id (id (id (id x))) :: Int
    , id (id (id (id 0))) :: Int
    , id (id (id (id (id _)))) :: Int
    , id (id (id (negate _))) :: Int
    , id (id (id (abs _))) :: Int
    , id (id (id (_ + _))) :: Int
    , id (id (negate x)) :: Int
    , id (id (negate 0)) :: Int
    , id (id (negate (id _))) :: Int
    , id (id (abs x)) :: Int
    , id (id (abs 0)) :: Int
    , id (id (abs (id _))) :: Int
    , id (id (_ + x)) :: Int
    , id (id (_ + 0)) :: Int
    , id (id (_ + id _)) :: Int
    , id (id (x + _)) :: Int
    , id (id (0 + _)) :: Int
    , id (id (id _ + _)) :: Int
    , id (id (_ * _)) :: Int
    , id (negate y) :: Int
    , id (negate 1) :: Int
    , id (negate (id x)) :: Int
    , id (negate (id 0)) :: Int
    , id (negate (id (id _))) :: Int
    , id (negate (negate _)) :: Int
    , id (negate (abs _)) :: Int
    , id (negate (_ + _)) :: Int
    , id (abs y) :: Int
    , id (abs 1) :: Int
    , id (abs (id x)) :: Int
    , id (abs (id 0)) :: Int
    , id (abs (id (id _))) :: Int
    , id (abs (negate _)) :: Int
    , id (abs (abs _)) :: Int
    , id (abs (_ + _)) :: Int
    , id (_ + y) :: Int
    , id (_ + 1) :: Int
    , id (_ + id x) :: Int
    , id (_ + id 0) :: Int
    , id (_ + id (id _)) :: Int
    , id (_ + negate _) :: Int
    , id (_ + abs _) :: Int
    , id (_ + (_ + _)) :: Int
    , id (x + x) :: Int
    , id (x + 0) :: Int
    , id (x + id _) :: Int
    , id (0 + x) :: Int
    , id (0 + 0) :: Int
    , id (0 + id _) :: Int
    , id (id _ + x) :: Int
    , id (id _ + 0) :: Int
    , id (id _ + id _) :: Int
    , id (_ * x) :: Int
    , id (_ * 0) :: Int
    , id (_ * id _) :: Int
    , id (y + _) :: Int
    , id (1 + _) :: Int
    , id (id x + _) :: Int
    , id (id 0 + _) :: Int
    , id (id (id _) + _) :: Int
    , id (negate _ + _) :: Int
    , id (abs _ + _) :: Int
    , id ((_ + _) + _) :: Int
    , id (x * _) :: Int
    , id (0 * _) :: Int
    , id (id _ * _) :: Int
    , negate z :: Int
    , negate (-1) :: Int
    , negate (id y) :: Int
    , negate (id 1) :: Int
    , negate (id (id x)) :: Int
    , negate (id (id 0)) :: Int
    , negate (id (id (id _))) :: Int
    , negate (id (negate _)) :: Int
    , negate (id (abs _)) :: Int
    , negate (id (_ + _)) :: Int
    , negate (negate x) :: Int
    , negate (negate 0) :: Int
    , negate (negate (id _)) :: Int
    , negate (abs x) :: Int
    , negate (abs 0) :: Int
    , negate (abs (id _)) :: Int
    , negate (_ + x) :: Int
    , negate (_ + 0) :: Int
    , negate (_ + id _) :: Int
    , negate (x + _) :: Int
    , negate (0 + _) :: Int
    , negate (id _ + _) :: Int
    , negate (_ * _) :: Int
    , abs z :: Int
    , abs (-1) :: Int
    , abs (id y) :: Int
    , abs (id 1) :: Int
    , abs (id (id x)) :: Int
    , abs (id (id 0)) :: Int
    , abs (id (id (id _))) :: Int
    , abs (id (negate _)) :: Int
    , abs (id (abs _)) :: Int
    , abs (id (_ + _)) :: Int
    , abs (negate x) :: Int
    , abs (negate 0) :: Int
    , abs (negate (id _)) :: Int
    , abs (abs x) :: Int
    , abs (abs 0) :: Int
    , abs (abs (id _)) :: Int
    , abs (_ + x) :: Int
    , abs (_ + 0) :: Int
    , abs (_ + id _) :: Int
    , abs (x + _) :: Int
    , abs (0 + _) :: Int
    , abs (id _ + _) :: Int
    , abs (_ * _) :: Int
    , _ + z :: Int
    , _ + (-1) :: Int
    , _ + id y :: Int
    , _ + id 1 :: Int
    , _ + id (id x) :: Int
    , _ + id (id 0) :: Int
    , _ + id (id (id _)) :: Int
    , _ + id (negate _) :: Int
    , _ + id (abs _) :: Int
    , _ + id (_ + _) :: Int
    , _ + negate x :: Int
    , _ + negate 0 :: Int
    , _ + negate (id _) :: Int
    , _ + abs x :: Int
    , _ + abs 0 :: Int
    , _ + abs (id _) :: Int
    , _ + (_ + x) :: Int
    , _ + (_ + 0) :: Int
    , _ + (_ + id _) :: Int
    , _ + (x + _) :: Int
    , _ + (0 + _) :: Int
    , _ + (id _ + _) :: Int
    , _ + _ * _ :: Int
    , x + y :: Int
    , x + 1 :: Int
    , x + id x :: Int
    , x + id 0 :: Int
    , x + id (id _) :: Int
    , x + negate _ :: Int
    , x + abs _ :: Int
    , x + (_ + _) :: Int
    , 0 + y :: Int
    , 0 + 1 :: Int
    , 0 + id x :: Int
    , 0 + id 0 :: Int
    , 0 + id (id _) :: Int
    , 0 + negate _ :: Int
    , 0 + abs _ :: Int
    , 0 + (_ + _) :: Int
    , id _ + y :: Int
    , id _ + 1 :: Int
    , id _ + id x :: Int
    , id _ + id 0 :: Int
    , id _ + id (id _) :: Int
    , id _ + negate _ :: Int
    , id _ + abs _ :: Int
    , id _ + (_ + _) :: Int
    , _ * y :: Int
    , _ * 1 :: Int
    , _ * id x :: Int
    , _ * id 0 :: Int
    , _ * id (id _) :: Int
    , _ * negate _ :: Int
    , _ * abs _ :: Int
    , _ * (_ + _) :: Int
    , y + x :: Int
    , y + 0 :: Int
    , y + id _ :: Int
    , 1 + x :: Int
    , 1 + 0 :: Int
    , 1 + id _ :: Int
    , id x + x :: Int
    , id x + 0 :: Int
    , id x + id _ :: Int
    , id 0 + x :: Int
    , id 0 + 0 :: Int
    , id 0 + id _ :: Int
    , id (id _) + x :: Int
    , id (id _) + 0 :: Int
    , id (id _) + id _ :: Int
    , negate _ + x :: Int
    , negate _ + 0 :: Int
    , negate _ + id _ :: Int
    , abs _ + x :: Int
    , abs _ + 0 :: Int
    , abs _ + id _ :: Int
    , (_ + _) + x :: Int
    , (_ + _) + 0 :: Int
    , (_ + _) + id _ :: Int
    , x * x :: Int
    , x * 0 :: Int
    , x * id _ :: Int
    , 0 * x :: Int
    , 0 * 0 :: Int
    , 0 * id _ :: Int
    , id _ * x :: Int
    , id _ * 0 :: Int
    , id _ * id _ :: Int
    , z + _ :: Int
    , (-1) + _ :: Int
    , id y + _ :: Int
    , id 1 + _ :: Int
    , id (id x) + _ :: Int
    , id (id 0) + _ :: Int
    , id (id (id _)) + _ :: Int
    , id (negate _) + _ :: Int
    , id (abs _) + _ :: Int
    , id (_ + _) + _ :: Int
    , negate x + _ :: Int
    , negate 0 + _ :: Int
    , negate (id _) + _ :: Int
    , abs x + _ :: Int
    , abs 0 + _ :: Int
    , abs (id _) + _ :: Int
    , (_ + x) + _ :: Int
    , (_ + 0) + _ :: Int
    , (_ + id _) + _ :: Int
    , (x + _) + _ :: Int
    , (0 + _) + _ :: Int
    , (id _ + _) + _ :: Int
    , _ * _ + _ :: Int
    , y * _ :: Int
    , 1 * _ :: Int
    , id x * _ :: Int
    , id 0 * _ :: Int
    , id (id _) * _ :: Int
    , negate _ * _ :: Int
    , abs _ * _ :: Int
    , (_ + _) * _ :: Int
    , (y +) :: Int -> Int
    , (1 +) :: Int -> Int
    , (id x +) :: Int -> Int
    , (id 0 +) :: Int -> Int
    , (id (id _) +) :: Int -> Int
    , (negate _ +) :: Int -> Int
    , (abs _ +) :: Int -> Int
    , ((_ + _) +) :: Int -> Int
    , (x *) :: Int -> Int
    , (0 *) :: Int -> Int
    , (id _ *) :: Int -> Int
    ]
  , ...
  ]
